[     134ms] [ERROR] Failed to load resource: the server responded with a status of 404 (Not Found) @ http://localhost:3000/favicon.ico:0
[  128022ms] [ERROR] WebSocket connection to 'ws://localhost:3000/' failed: Error in connection establishment: net::ERR_CONNECTION_REFUSED @ http://localhost:3000/@vite/client:1034
[  129024ms] [ERROR] WebSocket connection to 'ws://localhost:3000/' failed: Connection closed before receiving a handshake response @ http://localhost:3000/@vite/client:1034
[  130025ms] [ERROR] WebSocket connection to 'ws://localhost:3000/' failed: Connection closed before receiving a handshake response @ http://localhost:3000/@vite/client:1034
[  131023ms] [ERROR] WebSocket connection to 'ws://localhost:3000/ws?session=65b68d24-2960-4598-b64e-7cd84794563c&token=mytoken%40kele99' failed: Connection closed before receiving a handshake response @ http://localhost:3000/src/store.ts:350
[  131034ms] [ERROR] WebSocket connection to 'ws://localhost:3000/' failed: Connection closed before receiving a handshake response @ http://localhost:3000/@vite/client:1034
[  132035ms] [ERROR] WebSocket connection to 'ws://localhost:3000/' failed: Connection closed before receiving a handshake response @ http://localhost:3000/@vite/client:1034
[  133037ms] [ERROR] WebSocket connection to 'ws://localhost:3000/' failed: Connection closed before receiving a handshake response @ http://localhost:3000/@vite/client:1034
[  134026ms] [ERROR] WebSocket connection to 'ws://localhost:3000/ws?session=65b68d24-2960-4598-b64e-7cd84794563c&token=mytoken%40kele99' failed: Connection closed before receiving a handshake response @ http://localhost:3000/src/store.ts:350
[  134038ms] [ERROR] WebSocket connection to 'ws://localhost:3000/' failed: Connection closed before receiving a handshake response @ http://localhost:3000/@vite/client:1034
[  135040ms] [ERROR] WebSocket connection to 'ws://localhost:3000/' failed: Connection closed before receiving a handshake response @ http://localhost:3000/@vite/client:1034
[  136041ms] [ERROR] WebSocket connection to 'ws://localhost:3000/' failed: Connection closed before receiving a handshake response @ http://localhost:3000/@vite/client:1034
[  137028ms] [ERROR] WebSocket connection to 'ws://localhost:3000/ws?session=65b68d24-2960-4598-b64e-7cd84794563c&token=mytoken%40kele99' failed: Connection closed before receiving a handshake response @ http://localhost:3000/src/store.ts:350
[  137042ms] [ERROR] WebSocket connection to 'ws://localhost:3000/' failed: Connection closed before receiving a handshake response @ http://localhost:3000/@vite/client:1034
[  138044ms] [ERROR] WebSocket connection to 'ws://localhost:3000/' failed: Connection closed before receiving a handshake response @ http://localhost:3000/@vite/client:1034
[  139045ms] [ERROR] WebSocket connection to 'ws://localhost:3000/' failed: Connection closed before receiving a handshake response @ http://localhost:3000/@vite/client:1034
[  140031ms] [ERROR] WebSocket connection to 'ws://localhost:3000/ws?session=65b68d24-2960-4598-b64e-7cd84794563c&token=mytoken%40kele99' failed: Connection closed before receiving a handshake response @ http://localhost:3000/src/store.ts:350
[  140047ms] [ERROR] WebSocket connection to 'ws://localhost:3000/' failed: Connection closed before receiving a handshake response @ http://localhost:3000/@vite/client:1034
[  141048ms] [ERROR] WebSocket connection to 'ws://localhost:3000/' failed: Connection closed before receiving a handshake response @ http://localhost:3000/@vite/client:1034
[  142050ms] [ERROR] WebSocket connection to 'ws://localhost:3000/' failed: Connection closed before receiving a handshake response @ http://localhost:3000/@vite/client:1034
[  143033ms] [ERROR] WebSocket connection to 'ws://localhost:3000/ws?session=65b68d24-2960-4598-b64e-7cd84794563c&token=mytoken%40kele99' failed: Connection closed before receiving a handshake response @ http://localhost:3000/src/store.ts:350
[  143051ms] [ERROR] WebSocket connection to 'ws://localhost:3000/' failed: Connection closed before receiving a handshake response @ http://localhost:3000/@vite/client:1034
[  144072ms] [ERROR] WebSocket connection to 'ws://localhost:3000/' failed: Error in connection establishment: net::ERR_CONNECTION_REFUSED @ http://localhost:3000/@vite/client:1034
[  145073ms] [ERROR] WebSocket connection to 'ws://localhost:3000/' failed: Error in connection establishment: net::ERR_CONNECTION_REFUSED @ http://localhost:3000/@vite/client:1034
[  146036ms] [ERROR] WebSocket connection to 'ws://localhost:3000/ws?session=65b68d24-2960-4598-b64e-7cd84794563c&token=mytoken%40kele99' failed: Error in connection establishment: net::ERR_CONNECTION_REFUSED @ http://localhost:3000/src/store.ts:350
[  146073ms] [ERROR] WebSocket connection to 'ws://localhost:3000/' failed: Error in connection establishment: net::ERR_CONNECTION_REFUSED @ http://localhost:3000/@vite/client:1034
[  147074ms] [ERROR] WebSocket connection to 'ws://localhost:3000/' failed: Error in connection establishment: net::ERR_CONNECTION_REFUSED @ http://localhost:3000/@vite/client:1034
[  148076ms] [ERROR] WebSocket connection to 'ws://localhost:3000/' failed: Error in connection establishment: net::ERR_CONNECTION_REFUSED @ http://localhost:3000/@vite/client:1034
[  149042ms] [ERROR] WebSocket connection to 'ws://localhost:3000/ws?session=65b68d24-2960-4598-b64e-7cd84794563c&token=mytoken%40kele99' failed: Error in connection establishment: net::ERR_CONNECTION_REFUSED @ http://localhost:3000/src/store.ts:350
[  149091ms] [ERROR] WebSocket connection to 'ws://localhost:3000/' failed: Error in connection establishment: net::ERR_CONNECTION_REFUSED @ http://localhost:3000/@vite/client:1034
[  150108ms] [ERROR] WebSocket connection to 'ws://localhost:3000/' failed: Error in connection establishment: net::ERR_CONNECTION_REFUSED @ http://localhost:3000/@vite/client:1034
[  151130ms] [ERROR] WebSocket connection to 'ws://localhost:3000/' failed: Connection closed before receiving a handshake response @ http://localhost:3000/@vite/client:1034
[  152165ms] [ERROR] WebSocket connection to 'ws://localhost:3000/ws?session=65b68d24-2960-4598-b64e-7cd84794563c&token=mytoken%40kele99' failed: Connection closed before receiving a handshake response @ http://localhost:3000/src/store.ts:350
[  152404ms] [ERROR] WebSocket connection to 'ws://localhost:3000/' failed: Connection closed before receiving a handshake response @ http://localhost:3000/@vite/client:1034
[  153875ms] [ERROR] WebSocket connection to 'ws://localhost:3000/' failed: Connection closed before receiving a handshake response @ http://localhost:3000/@vite/client:1034
[  155648ms] [ERROR] WebSocket connection to 'ws://localhost:3000/' failed: Connection closed before receiving a handshake response @ http://localhost:3000/@vite/client:1034
[  155779ms] [ERROR] WebSocket connection to 'ws://localhost:3000/ws?session=65b68d24-2960-4598-b64e-7cd84794563c&token=mytoken%40kele99' failed: Connection closed before receiving a handshake response @ http://localhost:3000/src/store.ts:350
[  158447ms] [ERROR] WebSocket connection to 'ws://localhost:3000/' failed: Error in connection establishment: net::ERR_CONNECTION_REFUSED @ http://localhost:3000/@vite/client:1034
[  160522ms] [ERROR] WebSocket connection to 'ws://localhost:3000/' failed: Error in connection establishment: net::ERR_CONNECTION_REFUSED @ http://localhost:3000/@vite/client:1034
[  161744ms] [ERROR] WebSocket connection to 'ws://localhost:3000/ws?session=65b68d24-2960-4598-b64e-7cd84794563c&token=mytoken%40kele99' failed: Error in connection establishment: net::ERR_CONNECTION_REFUSED @ http://localhost:3000/src/store.ts:350
[  162774ms] [ERROR] WebSocket connection to 'ws://localhost:3000/' failed: Connection closed before receiving a handshake response @ http://localhost:3000/@vite/client:1034
[  165168ms] [ERROR] WebSocket connection to 'ws://localhost:3000/' failed: Error in connection establishment: net::ERR_CONNECTION_REFUSED @ http://localhost:3000/@vite/client:1034
[  171161ms] [ERROR] WebSocket connection to 'ws://localhost:3000/' failed: Connection closed before receiving a handshake response @ http://localhost:3000/@vite/client:1034
[  173644ms] [ERROR] WebSocket connection to 'ws://localhost:3000/' failed: Connection closed before receiving a handshake response @ http://localhost:3000/@vite/client:1034
[  178507ms] [ERROR] WebSocket connection to 'ws://localhost:3000/' failed: Connection closed before receiving a handshake response @ http://localhost:3000/@vite/client:1034
[  181892ms] [ERROR] WebSocket connection to 'ws://localhost:3000/' failed: Connection closed before receiving a handshake response @ http://localhost:3000/@vite/client:1034
[  185600ms] [ERROR] WebSocket connection to 'ws://localhost:3000/' failed: Connection closed before receiving a handshake response @ http://localhost:3000/@vite/client:1034
[  189680ms] [ERROR] WebSocket connection to 'ws://localhost:3000/' failed: Error in connection establishment: net::ERR_CONNECTION_REFUSED @ http://localhost:3000/@vite/client:1034
[  194016ms] [ERROR] WebSocket connection to 'ws://localhost:3000/' failed: Connection closed before receiving a handshake response @ http://localhost:3000/@vite/client:1034
[  196137ms] [ERROR] WebSocket connection to 'ws://localhost:3000/' failed: Connection closed before receiving a handshake response @ http://localhost:3000/@vite/client:1034
[  201374ms] [ERROR] WebSocket connection to 'ws://localhost:3000/' failed: Connection closed before receiving a handshake response @ http://localhost:3000/@vite/client:1034
[  204211ms] [ERROR] WebSocket connection to 'ws://localhost:3000/' failed: Connection closed before receiving a handshake response @ http://localhost:3000/@vite/client:1034
[  208361ms] [ERROR] WebSocket connection to 'ws://localhost:3000/' failed: Connection closed before receiving a handshake response @ http://localhost:3000/@vite/client:1034
[  212715ms] [ERROR] WebSocket connection to 'ws://localhost:3000/' failed: Connection closed before receiving a handshake response @ http://localhost:3000/@vite/client:1034
[  217758ms] [ERROR] WebSocket connection to 'ws://localhost:3000/' failed: Error in connection establishment: net::ERR_CONNECTION_REFUSED @ http://localhost:3000/@vite/client:1034
[  221116ms] [ERROR] WebSocket connection to 'ws://localhost:3000/' failed: Error in connection establishment: net::ERR_CONNECTION_REFUSED @ http://localhost:3000/@vite/client:1034
[  224441ms] [ERROR] WebSocket connection to 'ws://localhost:3000/' failed: Error in connection establishment: net::ERR_CONNECTION_REFUSED @ http://localhost:3000/@vite/client:1034
[  230269ms] [ERROR] WebSocket connection to 'ws://localhost:3000/' failed: Connection closed before receiving a handshake response @ http://localhost:3000/@vite/client:1034
[  233066ms] [ERROR] WebSocket connection to 'ws://localhost:3000/' failed: Connection closed before receiving a handshake response @ http://localhost:3000/@vite/client:1034
[  237252ms] [ERROR] WebSocket connection to 'ws://localhost:3000/' failed: Connection closed before receiving a handshake response @ http://localhost:3000/@vite/client:1034
[  242142ms] [ERROR] WebSocket connection to 'ws://localhost:3000/' failed: Connection closed before receiving a handshake response @ http://localhost:3000/@vite/client:1034
[  245977ms] [ERROR] WebSocket connection to 'ws://localhost:3000/' failed: Connection closed before receiving a handshake response @ http://localhost:3000/@vite/client:1034
[  250730ms] [ERROR] WebSocket connection to 'ws://localhost:3000/' failed: Error in connection establishment: net::ERR_CONNECTION_REFUSED @ http://localhost:3000/@vite/client:1034
[  256631ms] [ERROR] WebSocket connection to 'ws://localhost:3000/' failed: Connection closed before receiving a handshake response @ http://localhost:3000/@vite/client:1034
[  260884ms] [ERROR] WebSocket connection to 'ws://localhost:3000/' failed: Connection closed before receiving a handshake response @ http://localhost:3000/@vite/client:1034
[  266224ms] [ERROR] WebSocket connection to 'ws://localhost:3000/' failed: Connection closed before receiving a handshake response @ http://localhost:3000/@vite/client:1034
[  270236ms] [ERROR] WebSocket connection to 'ws://localhost:3000/' failed: Connection closed before receiving a handshake response @ http://localhost:3000/@vite/client:1034
[  274628ms] [ERROR] WebSocket connection to 'ws://localhost:3000/' failed: Connection closed before receiving a handshake response @ http://localhost:3000/@vite/client:1034
[  279686ms] [ERROR] WebSocket connection to 'ws://localhost:3000/' failed: Connection closed before receiving a handshake response @ http://localhost:3000/@vite/client:1034
[  283814ms] [ERROR] WebSocket connection to 'ws://localhost:3000/' failed: Connection closed before receiving a handshake response @ http://localhost:3000/@vite/client:1034
[  287796ms] [ERROR] WebSocket connection to 'ws://localhost:3000/' failed: Connection closed before receiving a handshake response @ http://localhost:3000/@vite/client:1034
[  291061ms] [ERROR] WebSocket connection to 'ws://localhost:3000/' failed: Connection closed before receiving a handshake response @ http://localhost:3000/@vite/client:1034
[  295470ms] [ERROR] WebSocket connection to 'ws://localhost:3000/' failed: Connection closed before receiving a handshake response @ http://localhost:3000/@vite/client:1034
[  301442ms] [ERROR] WebSocket connection to 'ws://localhost:3000/' failed: Connection closed before receiving a handshake response @ http://localhost:3000/@vite/client:1034
[  306235ms] [ERROR] WebSocket connection to 'ws://localhost:3000/' failed: Connection closed before receiving a handshake response @ http://localhost:3000/@vite/client:1034
[  308272ms] [ERROR] WebSocket connection to 'ws://localhost:3000/' failed: Connection closed before receiving a handshake response @ http://localhost:3000/@vite/client:1034
[  312415ms] [ERROR] WebSocket connection to 'ws://localhost:3000/' failed: Connection closed before receiving a handshake response @ http://localhost:3000/@vite/client:1034
[  315543ms] [ERROR] WebSocket connection to 'ws://localhost:3000/' failed: Connection closed before receiving a handshake response @ http://localhost:3000/@vite/client:1034
[  318155ms] [ERROR] WebSocket connection to 'ws://localhost:3000/' failed: Connection closed before receiving a handshake response @ http://localhost:3000/@vite/client:1034
[  322734ms] [ERROR] WebSocket connection to 'ws://localhost:3000/' failed: Connection closed before receiving a handshake response @ http://localhost:3000/@vite/client:1034
[  327162ms] [ERROR] WebSocket connection to 'ws://localhost:3000/' failed: Connection closed before receiving a handshake response @ http://localhost:3000/@vite/client:1034
[  331888ms] [ERROR] WebSocket connection to 'ws://localhost:3000/' failed: Connection closed before receiving a handshake response @ http://localhost:3000/@vite/client:1034
[  336989ms] [ERROR] WebSocket connection to 'ws://localhost:3000/' failed: Connection closed before receiving a handshake response @ http://localhost:3000/@vite/client:1034
[  340001ms] [ERROR] WebSocket connection to 'ws://localhost:3000/' failed: Connection closed before receiving a handshake response @ http://localhost:3000/@vite/client:1034
[  345433ms] [ERROR] WebSocket connection to 'ws://localhost:3000/' failed: Connection closed before receiving a handshake response @ http://localhost:3000/@vite/client:1034
[  348873ms] [ERROR] WebSocket connection to 'ws://localhost:3000/' failed: Connection closed before receiving a handshake response @ http://localhost:3000/@vite/client:1034
[  352888ms] [ERROR] WebSocket connection to 'ws://localhost:3000/' failed: Connection closed before receiving a handshake response @ http://localhost:3000/@vite/client:1034
[  355614ms] [ERROR] WebSocket connection to 'ws://localhost:3000/' failed: Connection closed before receiving a handshake response @ http://localhost:3000/@vite/client:1034
[  359265ms] [ERROR] WebSocket connection to 'ws://localhost:3000/' failed: Connection closed before receiving a handshake response @ http://localhost:3000/@vite/client:1034
[  364582ms] [ERROR] WebSocket connection to 'ws://localhost:3000/' failed: Connection closed before receiving a handshake response @ http://localhost:3000/@vite/client:1034
[  370340ms] [ERROR] WebSocket connection to 'ws://localhost:3000/' failed: Connection closed before receiving a handshake response @ http://localhost:3000/@vite/client:1034
[  373208ms] [ERROR] WebSocket connection to 'ws://localhost:3000/' failed: Connection closed before receiving a handshake response @ http://localhost:3000/@vite/client:1034
[  377904ms] [ERROR] WebSocket connection to 'ws://localhost:3000/' failed: Connection closed before receiving a handshake response @ http://localhost:3000/@vite/client:1034
[  383392ms] [ERROR] WebSocket connection to 'ws://localhost:3000/' failed: Connection closed before receiving a handshake response @ http://localhost:3000/@vite/client:1034
[  384394ms] [ERROR] WebSocket connection to 'ws://localhost:3000/' failed: Connection closed before receiving a handshake response @ http://localhost:3000/@vite/client:1034
[  385395ms] [ERROR] WebSocket connection to 'ws://localhost:3000/' failed: Connection closed before receiving a handshake response @ http://localhost:3000/@vite/client:1034
[  386396ms] [ERROR] WebSocket connection to 'ws://localhost:3000/' failed: Connection closed before receiving a handshake response @ http://localhost:3000/@vite/client:1034
[  387398ms] [ERROR] WebSocket connection to 'ws://localhost:3000/' failed: Connection closed before receiving a handshake response @ http://localhost:3000/@vite/client:1034
[  388400ms] [ERROR] WebSocket connection to 'ws://localhost:3000/' failed: Connection closed before receiving a handshake response @ http://localhost:3000/@vite/client:1034
[  389402ms] [ERROR] WebSocket connection to 'ws://localhost:3000/' failed: Connection closed before receiving a handshake response @ http://localhost:3000/@vite/client:1034
[  390409ms] [ERROR] WebSocket connection to 'ws://localhost:3000/' failed: Connection closed before receiving a handshake response @ http://localhost:3000/@vite/client:1034
[  391422ms] [ERROR] WebSocket connection to 'ws://localhost:3000/' failed: Connection closed before receiving a handshake response @ http://localhost:3000/@vite/client:1034
[  392448ms] [ERROR] WebSocket connection to 'ws://localhost:3000/' failed: Connection closed before receiving a handshake response @ http://localhost:3000/@vite/client:1034
[  393514ms] [ERROR] WebSocket connection to 'ws://localhost:3000/' failed: Connection closed before receiving a handshake response @ http://localhost:3000/@vite/client:1034
[  394662ms] [ERROR] WebSocket connection to 'ws://localhost:3000/' failed: Connection closed before receiving a handshake response @ http://localhost:3000/@vite/client:1034
[  395731ms] [ERROR] WebSocket connection to 'ws://localhost:3000/' failed: Connection closed before receiving a handshake response @ http://localhost:3000/@vite/client:1034
[  397275ms] [ERROR] WebSocket connection to 'ws://localhost:3000/' failed: Connection closed before receiving a handshake response @ http://localhost:3000/@vite/client:1034
[  399014ms] [ERROR] WebSocket connection to 'ws://localhost:3000/' failed: Connection closed before receiving a handshake response @ http://localhost:3000/@vite/client:1034
[  402450ms] [ERROR] WebSocket connection to 'ws://localhost:3000/' failed: Connection closed before receiving a handshake response @ http://localhost:3000/@vite/client:1034
[  407864ms] [ERROR] WebSocket connection to 'ws://localhost:3000/' failed: Connection closed before receiving a handshake response @ http://localhost:3000/@vite/client:1034
[  413490ms] [ERROR] WebSocket connection to 'ws://localhost:3000/' failed: Connection closed before receiving a handshake response @ http://localhost:3000/@vite/client:1034
[  417199ms] [ERROR] WebSocket connection to 'ws://localhost:3000/' failed: Connection closed before receiving a handshake response @ http://localhost:3000/@vite/client:1034
[  421196ms] [ERROR] WebSocket connection to 'ws://localhost:3000/' failed: Connection closed before receiving a handshake response @ http://localhost:3000/@vite/client:1034
[  424863ms] [ERROR] WebSocket connection to 'ws://localhost:3000/' failed: Connection closed before receiving a handshake response @ http://localhost:3000/@vite/client:1034
[  427796ms] [ERROR] WebSocket connection to 'ws://localhost:3000/' failed: Connection closed before receiving a handshake response @ http://localhost:3000/@vite/client:1034
[  431626ms] [ERROR] WebSocket connection to 'ws://localhost:3000/' failed: Connection closed before receiving a handshake response @ http://localhost:3000/@vite/client:1034
[  435003ms] [ERROR] WebSocket connection to 'ws://localhost:3000/' failed: Connection closed before receiving a handshake response @ http://localhost:3000/@vite/client:1034
[  438831ms] [ERROR] WebSocket connection to 'ws://localhost:3000/' failed: Connection closed before receiving a handshake response @ http://localhost:3000/@vite/client:1034
[  443514ms] [ERROR] WebSocket connection to 'ws://localhost:3000/' failed: Connection closed before receiving a handshake response @ http://localhost:3000/@vite/client:1034
[  447755ms] [ERROR] WebSocket connection to 'ws://localhost:3000/' failed: Connection closed before receiving a handshake response @ http://localhost:3000/@vite/client:1034
[  453115ms] [ERROR] WebSocket connection to 'ws://localhost:3000/' failed: Connection closed before receiving a handshake response @ http://localhost:3000/@vite/client:1034
[  455756ms] [ERROR] WebSocket connection to 'ws://localhost:3000/' failed: Connection closed before receiving a handshake response @ http://localhost:3000/@vite/client:1034
[  461553ms] [ERROR] WebSocket connection to 'ws://localhost:3000/' failed: Connection closed before receiving a handshake response @ http://localhost:3000/@vite/client:1034
[  463672ms] [ERROR] WebSocket connection to 'ws://localhost:3000/' failed: Connection closed before receiving a handshake response @ http://localhost:3000/@vite/client:1034
[  467972ms] [ERROR] WebSocket connection to 'ws://localhost:3000/' failed: Connection closed before receiving a handshake response @ http://localhost:3000/@vite/client:1034
[  472119ms] [ERROR] WebSocket connection to 'ws://localhost:3000/' failed: Connection closed before receiving a handshake response @ http://localhost:3000/@vite/client:1034
[  475258ms] [ERROR] WebSocket connection to 'ws://localhost:3000/' failed: Connection closed before receiving a handshake response @ http://localhost:3000/@vite/client:1034
[  480100ms] [ERROR] WebSocket connection to 'ws://localhost:3000/' failed: Connection closed before receiving a handshake response @ http://localhost:3000/@vite/client:1034
[  485204ms] [ERROR] WebSocket connection to 'ws://localhost:3000/' failed: Connection closed before receiving a handshake response @ http://localhost:3000/@vite/client:1034
[  488203ms] [ERROR] WebSocket connection to 'ws://localhost:3000/' failed: Connection closed before receiving a handshake response @ http://localhost:3000/@vite/client:1034
[  492489ms] [ERROR] WebSocket connection to 'ws://localhost:3000/' failed: Connection closed before receiving a handshake response @ http://localhost:3000/@vite/client:1034
[  498254ms] [ERROR] WebSocket connection to 'ws://localhost:3000/' failed: Connection closed before receiving a handshake response @ http://localhost:3000/@vite/client:1034
[  504164ms] [ERROR] WebSocket connection to 'ws://localhost:3000/' failed: Connection closed before receiving a handshake response @ http://localhost:3000/@vite/client:1034
[  505165ms] [ERROR] WebSocket connection to 'ws://localhost:3000/' failed: Connection closed before receiving a handshake response @ http://localhost:3000/@vite/client:1034
[  506167ms] [ERROR] WebSocket connection to 'ws://localhost:3000/' failed: Connection closed before receiving a handshake response @ http://localhost:3000/@vite/client:1034
[  507168ms] [ERROR] WebSocket connection to 'ws://localhost:3000/' failed: Connection closed before receiving a handshake response @ http://localhost:3000/@vite/client:1034
[  508171ms] [ERROR] WebSocket connection to 'ws://localhost:3000/' failed: Connection closed before receiving a handshake response @ http://localhost:3000/@vite/client:1034
[  509173ms] [ERROR] WebSocket connection to 'ws://localhost:3000/' failed: Connection closed before receiving a handshake response @ http://localhost:3000/@vite/client:1034
[  510177ms] [ERROR] WebSocket connection to 'ws://localhost:3000/' failed: Connection closed before receiving a handshake response @ http://localhost:3000/@vite/client:1034
[  511183ms] [ERROR] WebSocket connection to 'ws://localhost:3000/' failed: Connection closed before receiving a handshake response @ http://localhost:3000/@vite/client:1034
[  512199ms] [ERROR] WebSocket connection to 'ws://localhost:3000/' failed: Connection closed before receiving a handshake response @ http://localhost:3000/@vite/client:1034
[  513216ms] [ERROR] WebSocket connection to 'ws://localhost:3000/' failed: Connection closed before receiving a handshake response @ http://localhost:3000/@vite/client:1034
[  514244ms] [ERROR] WebSocket connection to 'ws://localhost:3000/' failed: Connection closed before receiving a handshake response @ http://localhost:3000/@vite/client:1034
[  515382ms] [ERROR] WebSocket connection to 'ws://localhost:3000/' failed: Connection closed before receiving a handshake response @ http://localhost:3000/@vite/client:1034
[  516513ms] [ERROR] WebSocket connection to 'ws://localhost:3000/' failed: Connection closed before receiving a handshake response @ http://localhost:3000/@vite/client:1034
[  518107ms] [ERROR] WebSocket connection to 'ws://localhost:3000/' failed: Connection closed before receiving a handshake response @ http://localhost:3000/@vite/client:1034
[  520116ms] [ERROR] WebSocket connection to 'ws://localhost:3000/' failed: Connection closed before receiving a handshake response @ http://localhost:3000/@vite/client:1034
[  523505ms] [ERROR] WebSocket connection to 'ws://localhost:3000/' failed: Connection closed before receiving a handshake response @ http://localhost:3000/@vite/client:1034
[  528135ms] [ERROR] WebSocket connection to 'ws://localhost:3000/' failed: Connection closed before receiving a handshake response @ http://localhost:3000/@vite/client:1034
[  530985ms] [ERROR] WebSocket connection to 'ws://localhost:3000/' failed: Connection closed before receiving a handshake response @ http://localhost:3000/@vite/client:1034
[  535987ms] [ERROR] WebSocket connection to 'ws://localhost:3000/' failed: Connection closed before receiving a handshake response @ http://localhost:3000/@vite/client:1034
[  539121ms] [ERROR] WebSocket connection to 'ws://localhost:3000/' failed: Connection closed before receiving a handshake response @ http://localhost:3000/@vite/client:1034
[  543122ms] [ERROR] WebSocket connection to 'ws://localhost:3000/' failed: Connection closed before receiving a handshake response @ http://localhost:3000/@vite/client:1034
[  546323ms] [ERROR] WebSocket connection to 'ws://localhost:3000/' failed: Connection closed before receiving a handshake response @ http://localhost:3000/@vite/client:1034
[  551407ms] [ERROR] WebSocket connection to 'ws://localhost:3000/' failed: Connection closed before receiving a handshake response @ http://localhost:3000/@vite/client:1034
[  554724ms] [ERROR] WebSocket connection to 'ws://localhost:3000/' failed: Connection closed before receiving a handshake response @ http://localhost:3000/@vite/client:1034
[  557765ms] [ERROR] WebSocket connection to 'ws://localhost:3000/' failed: Connection closed before receiving a handshake response @ http://localhost:3000/@vite/client:1034
[  561701ms] [ERROR] WebSocket connection to 'ws://localhost:3000/' failed: Connection closed before receiving a handshake response @ http://localhost:3000/@vite/client:1034
[  565706ms] [ERROR] WebSocket connection to 'ws://localhost:3000/' failed: Connection closed before receiving a handshake response @ http://localhost:3000/@vite/client:1034
[  568138ms] [ERROR] WebSocket connection to 'ws://localhost:3000/' failed: Connection closed before receiving a handshake response @ http://localhost:3000/@vite/client:1034
[  573217ms] [ERROR] WebSocket connection to 'ws://localhost:3000/' failed: Connection closed before receiving a handshake response @ http://localhost:3000/@vite/client:1034
[  577859ms] [ERROR] WebSocket connection to 'ws://localhost:3000/' failed: Connection closed before receiving a handshake response @ http://localhost:3000/@vite/client:1034
[  580546ms] [ERROR] WebSocket connection to 'ws://localhost:3000/' failed: Connection closed before receiving a handshake response @ http://localhost:3000/@vite/client:1034
[  586062ms] [ERROR] WebSocket connection to 'ws://localhost:3000/' failed: Connection closed before receiving a handshake response @ http://localhost:3000/@vite/client:1034
[  589285ms] [ERROR] WebSocket connection to 'ws://localhost:3000/' failed: Connection closed before receiving a handshake response @ http://localhost:3000/@vite/client:1034
[  591420ms] [ERROR] WebSocket connection to 'ws://localhost:3000/' failed: Connection closed before receiving a handshake response @ http://localhost:3000/@vite/client:1034
[  594633ms] [ERROR] WebSocket connection to 'ws://localhost:3000/' failed: Connection closed before receiving a handshake response @ http://localhost:3000/@vite/client:1034
[  597190ms] [ERROR] WebSocket connection to 'ws://localhost:3000/' failed: Connection closed before receiving a handshake response @ http://localhost:3000/@vite/client:1034
[  603004ms] [ERROR] WebSocket connection to 'ws://localhost:3000/' failed: Connection closed before receiving a handshake response @ http://localhost:3000/@vite/client:1034
[  606266ms] [ERROR] WebSocket connection to 'ws://localhost:3000/' failed: Connection closed before receiving a handshake response @ http://localhost:3000/@vite/client:1034
[  610596ms] [ERROR] WebSocket connection to 'ws://localhost:3000/' failed: Connection closed before receiving a handshake response @ http://localhost:3000/@vite/client:1034
[  616511ms] [ERROR] WebSocket connection to 'ws://localhost:3000/' failed: Connection closed before receiving a handshake response @ http://localhost:3000/@vite/client:1034
[  621417ms] [ERROR] WebSocket connection to 'ws://localhost:3000/' failed: Connection closed before receiving a handshake response @ http://localhost:3000/@vite/client:1034
[  626041ms] [ERROR] WebSocket connection to 'ws://localhost:3000/' failed: Connection closed before receiving a handshake response @ http://localhost:3000/@vite/client:1034
[  631170ms] [ERROR] WebSocket connection to 'ws://localhost:3000/' failed: Connection closed before receiving a handshake response @ http://localhost:3000/@vite/client:1034
[  634973ms] [ERROR] WebSocket connection to 'ws://localhost:3000/' failed: Connection closed before receiving a handshake response @ http://localhost:3000/@vite/client:1034
[  639838ms] [ERROR] WebSocket connection to 'ws://localhost:3000/' failed: Connection closed before receiving a handshake response @ http://localhost:3000/@vite/client:1034
[  644452ms] [ERROR] WebSocket connection to 'ws://localhost:3000/' failed: Connection closed before receiving a handshake response @ http://localhost:3000/@vite/client:1034
[  646649ms] [ERROR] WebSocket connection to 'ws://localhost:3000/' failed: Connection closed before receiving a handshake response @ http://localhost:3000/@vite/client:1034
[  649928ms] [ERROR] WebSocket connection to 'ws://localhost:3000/' failed: Connection closed before receiving a handshake response @ http://localhost:3000/@vite/client:1034
[  655268ms] [ERROR] WebSocket connection to 'ws://localhost:3000/' failed: Connection closed before receiving a handshake response @ http://localhost:3000/@vite/client:1034
[  658501ms] [ERROR] WebSocket connection to 'ws://localhost:3000/' failed: Connection closed before receiving a handshake response @ http://localhost:3000/@vite/client:1034
[  661774ms] [ERROR] WebSocket connection to 'ws://localhost:3000/' failed: Connection closed before receiving a handshake response @ http://localhost:3000/@vite/client:1034
[  663973ms] [ERROR] WebSocket connection to 'ws://localhost:3000/' failed: Connection closed before receiving a handshake response @ http://localhost:3000/@vite/client:1034
[  669742ms] [ERROR] WebSocket connection to 'ws://localhost:3000/' failed: Connection closed before receiving a handshake response @ http://localhost:3000/@vite/client:1034
[  673996ms] [ERROR] WebSocket connection to 'ws://localhost:3000/' failed: Connection closed before receiving a handshake response @ http://localhost:3000/@vite/client:1034
[  678580ms] [ERROR] WebSocket connection to 'ws://localhost:3000/' failed: Connection closed before receiving a handshake response @ http://localhost:3000/@vite/client:1034
[  682102ms] [ERROR] WebSocket connection to 'ws://localhost:3000/' failed: Connection closed before receiving a handshake response @ http://localhost:3000/@vite/client:1034
[  687199ms] [ERROR] WebSocket connection to 'ws://localhost:3000/' failed: Connection closed before receiving a handshake response @ http://localhost:3000/@vite/client:1034
[  690194ms] [ERROR] WebSocket connection to 'ws://localhost:3000/' failed: Connection closed before receiving a handshake response @ http://localhost:3000/@vite/client:1034
[  693835ms] [ERROR] WebSocket connection to 'ws://localhost:3000/' failed: Connection closed before receiving a handshake response @ http://localhost:3000/@vite/client:1034
[  698157ms] [ERROR] WebSocket connection to 'ws://localhost:3000/' failed: Connection closed before receiving a handshake response @ http://localhost:3000/@vite/client:1034
[  703513ms] [ERROR] WebSocket connection to 'ws://localhost:3000/' failed: Connection closed before receiving a handshake response @ http://localhost:3000/@vite/client:1034
[  706641ms] [ERROR] WebSocket connection to 'ws://localhost:3000/' failed: Connection closed before receiving a handshake response @ http://localhost:3000/@vite/client:1034
[  710325ms] [ERROR] WebSocket connection to 'ws://localhost:3000/' failed: Connection closed before receiving a handshake response @ http://localhost:3000/@vite/client:1034
[  713384ms] [ERROR] WebSocket connection to 'ws://localhost:3000/' failed: Connection closed before receiving a handshake response @ http://localhost:3000/@vite/client:1034
[  718793ms] [ERROR] WebSocket connection to 'ws://localhost:3000/' failed: Connection closed before receiving a handshake response @ http://localhost:3000/@vite/client:1034
[  722985ms] [ERROR] WebSocket connection to 'ws://localhost:3000/' failed: Connection closed before receiving a handshake response @ http://localhost:3000/@vite/client:1034
[  726417ms] [ERROR] WebSocket connection to 'ws://localhost:3000/' failed: Connection closed before receiving a handshake response @ http://localhost:3000/@vite/client:1034
[  732028ms] [ERROR] WebSocket connection to 'ws://localhost:3000/' failed: Connection closed before receiving a handshake response @ http://localhost:3000/@vite/client:1034
[  734647ms] [ERROR] WebSocket connection to 'ws://localhost:3000/' failed: Connection closed before receiving a handshake response @ http://localhost:3000/@vite/client:1034
[  740157ms] [ERROR] WebSocket connection to 'ws://localhost:3000/' failed: Connection closed before receiving a handshake response @ http://localhost:3000/@vite/client:1034
[  744687ms] [ERROR] WebSocket connection to 'ws://localhost:3000/' failed: Connection closed before receiving a handshake response @ http://localhost:3000/@vite/client:1034
[  745688ms] [ERROR] WebSocket connection to 'ws://localhost:3000/' failed: Connection closed before receiving a handshake response @ http://localhost:3000/@vite/client:1034
[  746689ms] [ERROR] WebSocket connection to 'ws://localhost:3000/' failed: Connection closed before receiving a handshake response @ http://localhost:3000/@vite/client:1034
[  747691ms] [ERROR] WebSocket connection to 'ws://localhost:3000/' failed: Connection closed before receiving a handshake response @ http://localhost:3000/@vite/client:1034
[  748692ms] [ERROR] WebSocket connection to 'ws://localhost:3000/' failed: Connection closed before receiving a handshake response @ http://localhost:3000/@vite/client:1034
[  749694ms] [ERROR] WebSocket connection to 'ws://localhost:3000/' failed: Connection closed before receiving a handshake response @ http://localhost:3000/@vite/client:1034
[  750699ms] [ERROR] WebSocket connection to 'ws://localhost:3000/' failed: Connection closed before receiving a handshake response @ http://localhost:3000/@vite/client:1034
[  751702ms] [ERROR] WebSocket connection to 'ws://localhost:3000/' failed: Connection closed before receiving a handshake response @ http://localhost:3000/@vite/client:1034
[  752718ms] [ERROR] WebSocket connection to 'ws://localhost:3000/' failed: Connection closed before receiving a handshake response @ http://localhost:3000/@vite/client:1034
[  753736ms] [ERROR] WebSocket connection to 'ws://localhost:3000/' failed: Connection closed before receiving a handshake response @ http://localhost:3000/@vite/client:1034
[  754807ms] [ERROR] WebSocket connection to 'ws://localhost:3000/' failed: Connection closed before receiving a handshake response @ http://localhost:3000/@vite/client:1034
[  755918ms] [ERROR] WebSocket connection to 'ws://localhost:3000/' failed: Connection closed before receiving a handshake response @ http://localhost:3000/@vite/client:1034
[  757038ms] [ERROR] WebSocket connection to 'ws://localhost:3000/' failed: Connection closed before receiving a handshake response @ http://localhost:3000/@vite/client:1034
[  758276ms] [ERROR] WebSocket connection to 'ws://localhost:3000/' failed: Connection closed before receiving a handshake response @ http://localhost:3000/@vite/client:1034
[  759871ms] [ERROR] WebSocket connection to 'ws://localhost:3000/' failed: Connection closed before receiving a handshake response @ http://localhost:3000/@vite/client:1034
[  762616ms] [ERROR] WebSocket connection to 'ws://localhost:3000/' failed: Connection closed before receiving a handshake response @ http://localhost:3000/@vite/client:1034
[  768004ms] [ERROR] WebSocket connection to 'ws://localhost:3000/' failed: Connection closed before receiving a handshake response @ http://localhost:3000/@vite/client:1034
[  772419ms] [ERROR] WebSocket connection to 'ws://localhost:3000/' failed: Connection closed before receiving a handshake response @ http://localhost:3000/@vite/client:1034
[  777897ms] [ERROR] WebSocket connection to 'ws://localhost:3000/' failed: Connection closed before receiving a handshake response @ http://localhost:3000/@vite/client:1034
[  780146ms] [ERROR] WebSocket connection to 'ws://localhost:3000/' failed: Connection closed before receiving a handshake response @ http://localhost:3000/@vite/client:1034
[  782758ms] [ERROR] WebSocket connection to 'ws://localhost:3000/' failed: Connection closed before receiving a handshake response @ http://localhost:3000/@vite/client:1034
[  785493ms] [ERROR] WebSocket connection to 'ws://localhost:3000/' failed: Connection closed before receiving a handshake response @ http://localhost:3000/@vite/client:1034
[  788172ms] [ERROR] WebSocket connection to 'ws://localhost:3000/' failed: Connection closed before receiving a handshake response @ http://localhost:3000/@vite/client:1034
[  792220ms] [ERROR] WebSocket connection to 'ws://localhost:3000/' failed: Connection closed before receiving a handshake response @ http://localhost:3000/@vite/client:1034
[  798155ms] [ERROR] WebSocket connection to 'ws://localhost:3000/' failed: Connection closed before receiving a handshake response @ http://localhost:3000/@vite/client:1034
[  803733ms] [ERROR] WebSocket connection to 'ws://localhost:3000/' failed: Connection closed before receiving a handshake response @ http://localhost:3000/@vite/client:1034
[  808582ms] [ERROR] WebSocket connection to 'ws://localhost:3000/' failed: Connection closed before receiving a handshake response @ http://localhost:3000/@vite/client:1034
[  810646ms] [ERROR] WebSocket connection to 'ws://localhost:3000/' failed: Connection closed before receiving a handshake response @ http://localhost:3000/@vite/client:1034
[  815770ms] [ERROR] WebSocket connection to 'ws://localhost:3000/' failed: Connection closed before receiving a handshake response @ http://localhost:3000/@vite/client:1034
[  818520ms] [ERROR] WebSocket connection to 'ws://localhost:3000/' failed: Connection closed before receiving a handshake response @ http://localhost:3000/@vite/client:1034
[  822611ms] [ERROR] WebSocket connection to 'ws://localhost:3000/' failed: Connection closed before receiving a handshake response @ http://localhost:3000/@vite/client:1034
[  828351ms] [ERROR] WebSocket connection to 'ws://localhost:3000/' failed: Connection closed before receiving a handshake response @ http://localhost:3000/@vite/client:1034
[  832457ms] [ERROR] WebSocket connection to 'ws://localhost:3000/' failed: Connection closed before receiving a handshake response @ http://localhost:3000/@vite/client:1034
[  836214ms] [ERROR] WebSocket connection to 'ws://localhost:3000/' failed: Connection closed before receiving a handshake response @ http://localhost:3000/@vite/client:1034
[  842150ms] [ERROR] WebSocket connection to 'ws://localhost:3000/' failed: Connection closed before receiving a handshake response @ http://localhost:3000/@vite/client:1034
[  844429ms] [ERROR] WebSocket connection to 'ws://localhost:3000/' failed: Connection closed before receiving a handshake response @ http://localhost:3000/@vite/client:1034
[  849639ms] [ERROR] WebSocket connection to 'ws://localhost:3000/' failed: Connection closed before receiving a handshake response @ http://localhost:3000/@vite/client:1034
[  854185ms] [ERROR] WebSocket connection to 'ws://localhost:3000/' failed: Connection closed before receiving a handshake response @ http://localhost:3000/@vite/client:1034
[  857289ms] [ERROR] WebSocket connection to 'ws://localhost:3000/' failed: Connection closed before receiving a handshake response @ http://localhost:3000/@vite/client:1034
[  862927ms] [ERROR] WebSocket connection to 'ws://localhost:3000/' failed: Connection closed before receiving a handshake response @ http://localhost:3000/@vite/client:1034
[  865540ms] [ERROR] WebSocket connection to 'ws://localhost:3000/' failed: Connection closed before receiving a handshake response @ http://localhost:3000/@vite/client:1034
[  866541ms] [ERROR] WebSocket connection to 'ws://localhost:3000/' failed: Connection closed before receiving a handshake response @ http://localhost:3000/@vite/client:1034
[  867543ms] [ERROR] WebSocket connection to 'ws://localhost:3000/' failed: Connection closed before receiving a handshake response @ http://localhost:3000/@vite/client:1034
[  868544ms] [ERROR] WebSocket connection to 'ws://localhost:3000/' failed: Connection closed before receiving a handshake response @ http://localhost:3000/@vite/client:1034
[  869547ms] [ERROR] WebSocket connection to 'ws://localhost:3000/' failed: Connection closed before receiving a handshake response @ http://localhost:3000/@vite/client:1034
[  870549ms] [ERROR] WebSocket connection to 'ws://localhost:3000/' failed: Connection closed before receiving a handshake response @ http://localhost:3000/@vite/client:1034
[  871553ms] [ERROR] WebSocket connection to 'ws://localhost:3000/' failed: Connection closed before receiving a handshake response @ http://localhost:3000/@vite/client:1034
[  872559ms] [ERROR] WebSocket connection to 'ws://localhost:3000/' failed: Connection closed before receiving a handshake response @ http://localhost:3000/@vite/client:1034
[  873575ms] [ERROR] WebSocket connection to 'ws://localhost:3000/' failed: Connection closed before receiving a handshake response @ http://localhost:3000/@vite/client:1034
[  874612ms] [ERROR] WebSocket connection to 'ws://localhost:3000/' failed: Connection closed before receiving a handshake response @ http://localhost:3000/@vite/client:1034
[  875638ms] [ERROR] WebSocket connection to 'ws://localhost:3000/' failed: Connection closed before receiving a handshake response @ http://localhost:3000/@vite/client:1034
[  876703ms] [ERROR] WebSocket connection to 'ws://localhost:3000/' failed: Connection closed before receiving a handshake response @ http://localhost:3000/@vite/client:1034
[  877846ms] [ERROR] WebSocket connection to 'ws://localhost:3000/' failed: Connection closed before receiving a handshake response @ http://localhost:3000/@vite/client:1034
[  878985ms] [ERROR] WebSocket connection to 'ws://localhost:3000/' failed: Connection closed before receiving a handshake response @ http://localhost:3000/@vite/client:1034
[  881018ms] [ERROR] WebSocket connection to 'ws://localhost:3000/' failed: Connection closed before receiving a handshake response @ http://localhost:3000/@vite/client:1034
[  882669ms] [ERROR] WebSocket connection to 'ws://localhost:3000/' failed: Connection closed before receiving a handshake response @ http://localhost:3000/@vite/client:1034
[  886117ms] [ERROR] WebSocket connection to 'ws://localhost:3000/' failed: Connection closed before receiving a handshake response @ http://localhost:3000/@vite/client:1034
[  888136ms] [ERROR] WebSocket connection to 'ws://localhost:3000/' failed: Connection closed before receiving a handshake response @ http://localhost:3000/@vite/client:1034
[  891280ms] [ERROR] WebSocket connection to 'ws://localhost:3000/' failed: Connection closed before receiving a handshake response @ http://localhost:3000/@vite/client:1034
[  896636ms] [ERROR] WebSocket connection to 'ws://localhost:3000/' failed: Connection closed before receiving a handshake response @ http://localhost:3000/@vite/client:1034
[  900749ms] [ERROR] WebSocket connection to 'ws://localhost:3000/' failed: Connection closed before receiving a handshake response @ http://localhost:3000/@vite/client:1034
[  905221ms] [ERROR] WebSocket connection to 'ws://localhost:3000/' failed: Connection closed before receiving a handshake response @ http://localhost:3000/@vite/client:1034
[  909327ms] [ERROR] WebSocket connection to 'ws://localhost:3000/' failed: Connection closed before receiving a handshake response @ http://localhost:3000/@vite/client:1034
[  911953ms] [ERROR] WebSocket connection to 'ws://localhost:3000/' failed: Connection closed before receiving a handshake response @ http://localhost:3000/@vite/client:1034
[  915045ms] [ERROR] WebSocket connection to 'ws://localhost:3000/' failed: Connection closed before receiving a handshake response @ http://localhost:3000/@vite/client:1034
[  918548ms] [ERROR] WebSocket connection to 'ws://localhost:3000/' failed: Connection closed before receiving a handshake response @ http://localhost:3000/@vite/client:1034
[  923403ms] [ERROR] WebSocket connection to 'ws://localhost:3000/' failed: Connection closed before receiving a handshake response @ http://localhost:3000/@vite/client:1034
[  925530ms] [ERROR] WebSocket connection to 'ws://localhost:3000/' failed: Connection closed before receiving a handshake response @ http://localhost:3000/@vite/client:1034
[  927728ms] [ERROR] WebSocket connection to 'ws://localhost:3000/' failed: Connection closed before receiving a handshake response @ http://localhost:3000/@vite/client:1034
[  930550ms] [ERROR] WebSocket connection to 'ws://localhost:3000/' failed: Connection closed before receiving a handshake response @ http://localhost:3000/@vite/client:1034
[  935201ms] [ERROR] WebSocket connection to 'ws://localhost:3000/' failed: Connection closed before receiving a handshake response @ http://localhost:3000/@vite/client:1034
[  939998ms] [ERROR] WebSocket connection to 'ws://localhost:3000/' failed: Connection closed before receiving a handshake response @ http://localhost:3000/@vite/client:1034
[  945072ms] [ERROR] WebSocket connection to 'ws://localhost:3000/' failed: Connection closed before receiving a handshake response @ http://localhost:3000/@vite/client:1034
[  949130ms] [ERROR] WebSocket connection to 'ws://localhost:3000/' failed: Connection closed before receiving a handshake response @ http://localhost:3000/@vite/client:1034
[  952912ms] [ERROR] WebSocket connection to 'ws://localhost:3000/' failed: Connection closed before receiving a handshake response @ http://localhost:3000/@vite/client:1034
[  958646ms] [ERROR] WebSocket connection to 'ws://localhost:3000/' failed: Connection closed before receiving a handshake response @ http://localhost:3000/@vite/client:1034
[  961376ms] [ERROR] WebSocket connection to 'ws://localhost:3000/' failed: Connection closed before receiving a handshake response @ http://localhost:3000/@vite/client:1034
[  963523ms] [ERROR] WebSocket connection to 'ws://localhost:3000/' failed: Connection closed before receiving a handshake response @ http://localhost:3000/@vite/client:1034
[  968420ms] [ERROR] WebSocket connection to 'ws://localhost:3000/' failed: Connection closed before receiving a handshake response @ http://localhost:3000/@vite/client:1034
[  972766ms] [ERROR] WebSocket connection to 'ws://localhost:3000/' failed: Connection closed before receiving a handshake response @ http://localhost:3000/@vite/client:1034
[  978292ms] [ERROR] WebSocket connection to 'ws://localhost:3000/' failed: Connection closed before receiving a handshake response @ http://localhost:3000/@vite/client:1034
[  981740ms] [ERROR] WebSocket connection to 'ws://localhost:3000/' failed: Connection closed before receiving a handshake response @ http://localhost:3000/@vite/client:1034
[  984253ms] [ERROR] WebSocket connection to 'ws://localhost:3000/' failed: Connection closed before receiving a handshake response @ http://localhost:3000/@vite/client:1034
[  990072ms] [ERROR] WebSocket connection to 'ws://localhost:3000/' failed: Connection closed before receiving a handshake response @ http://localhost:3000/@vite/client:1034
[  994605ms] [ERROR] WebSocket connection to 'ws://localhost:3000/' failed: Connection closed before receiving a handshake response @ http://localhost:3000/@vite/client:1034
[  997360ms] [ERROR] WebSocket connection to 'ws://localhost:3000/' failed: Connection closed before receiving a handshake response @ http://localhost:3000/@vite/client:1034
[ 1000448ms] [ERROR] WebSocket connection to 'ws://localhost:3000/' failed: Connection closed before receiving a handshake response @ http://localhost:3000/@vite/client:1034
[ 1005146ms] [ERROR] WebSocket connection to 'ws://localhost:3000/' failed: Connection closed before receiving a handshake response @ http://localhost:3000/@vite/client:1034
[ 1008941ms] [ERROR] WebSocket connection to 'ws://localhost:3000/' failed: Connection closed before receiving a handshake response @ http://localhost:3000/@vite/client:1034
[ 1014023ms] [ERROR] WebSocket connection to 'ws://localhost:3000/' failed: Connection closed before receiving a handshake response @ http://localhost:3000/@vite/client:1034
[ 1017034ms] [ERROR] WebSocket connection to 'ws://localhost:3000/' failed: Connection closed before receiving a handshake response @ http://localhost:3000/@vite/client:1034
[ 1022503ms] [ERROR] WebSocket connection to 'ws://localhost:3000/' failed: Connection closed before receiving a handshake response @ http://localhost:3000/@vite/client:1034
[ 1026426ms] [ERROR] WebSocket connection to 'ws://localhost:3000/' failed: Connection closed before receiving a handshake response @ http://localhost:3000/@vite/client:1034
[ 1029174ms] [ERROR] WebSocket connection to 'ws://localhost:3000/' failed: Error in connection establishment: net::ERR_CONNECTION_REFUSED @ http://localhost:3000/@vite/client:1034
[ 1032209ms] [ERROR] WebSocket connection to 'ws://localhost:3000/' failed: Error in connection establishment: net::ERR_CONNECTION_REFUSED @ http://localhost:3000/@vite/client:1034
[ 1038087ms] [ERROR] WebSocket connection to 'ws://localhost:3000/' failed: Connection closed before receiving a handshake response @ http://localhost:3000/@vite/client:1034
[ 1041559ms] [ERROR] WebSocket connection to 'ws://localhost:3000/' failed: Connection closed before receiving a handshake response @ http://localhost:3000/@vite/client:1034
[ 1044974ms] [ERROR] WebSocket connection to 'ws://localhost:3000/' failed: Connection closed before receiving a handshake response @ http://localhost:3000/@vite/client:1034
[ 1047354ms] [ERROR] WebSocket connection to 'ws://localhost:3000/' failed: Connection closed before receiving a handshake response @ http://localhost:3000/@vite/client:1034
[ 1050089ms] [ERROR] WebSocket connection to 'ws://localhost:3000/' failed: Connection closed before receiving a handshake response @ http://localhost:3000/@vite/client:1034
[ 1054869ms] [ERROR] WebSocket connection to 'ws://localhost:3000/' failed: Connection closed before receiving a handshake response @ http://localhost:3000/@vite/client:1034
[ 1058220ms] [ERROR] WebSocket connection to 'ws://localhost:3000/' failed: Connection closed before receiving a handshake response @ http://localhost:3000/@vite/client:1034
[ 1060556ms] [ERROR] WebSocket connection to 'ws://localhost:3000/' failed: Connection closed before receiving a handshake response @ http://localhost:3000/@vite/client:1034
[ 1064617ms] [ERROR] WebSocket connection to 'ws://localhost:3000/' failed: Connection closed before receiving a handshake response @ http://localhost:3000/@vite/client:1034
[ 1067906ms] [ERROR] WebSocket connection to 'ws://localhost:3000/' failed: Connection closed before receiving a handshake response @ http://localhost:3000/@vite/client:1034
